[0/1] Re-running CMake...
CMake Warning at third_party/cef/cmake/cef_variables.cmake:630 (message):
  ATL is not supported by your VC installation.
Call Stack (most recent call first):
  third_party/cef/cmake/FindCEF.cmake:38 (include)
  CMakeLists.txt:24 (find_package)


-- Configuring done (0.0s)
-- Generating done (0.1s)
-- Build files have been written to: D:/TheLobe/Projects/nyx-browser/nyx-browser/build
[1/5] Building CXX object CMakeFiles\nyx.dir\src\nyx_app.cc.obj
cl : Command line warning D9025 : overriding '/std:c++20' with '/std:c++17'
cl : Command line warning D9025 : overriding '/MD' with '/MT'
[2/5] Building CXX object CMakeFiles\nyx.dir\src\nyx_window.cc.obj
cl : Command line warning D9025 : overriding '/std:c++20' with '/std:c++17'
cl : Command line warning D9025 : overriding '/MD' with '/MT'
[3/5] Building CXX object CMakeFiles\nyx.dir\src\intel\feed_service.cc.obj
cl : Command line warning D9025 : overriding '/std:c++20' with '/std:c++17'
cl : Command line warning D9025 : overriding '/MD' with '/MT'
[4/5] Building CXX object CMakeFiles\nyx.dir\src\message_bridge.cc.obj
cl : Command line warning D9025 : overriding '/std:c++20' with '/std:c++17'
cl : Command line warning D9025 : overriding '/MD' with '/MT'
[5/5] Linking CXX executable nyx.exe
